barrel assets/model/barrel.obj assets/model/barrel_diff.png assets/model/barrel_spec.png [5.0/0.0/5.0] [0.0/0.0/0.0] [1.0]
barrel assets/model/barrel.obj assets/model/barrel_diff.png assets/model/barrel_spec.png [5.0/0.0/6.0] [0.0/0.0/0.0] [1.0]
barrel assets/model/barrel.obj assets/model/barrel_diff.png assets/model/barrel_spec.png [6.0/0.0/5.0] [0.0/0.0/0.0] [1.0]
bench assets/model/bench.obj assets/model/bench_diff.png assets/model/bench_spec.png [5.0/0.0/0.0] [0.0/90.0/0.0] [2.0]
building assets/model/building.obj assets/model/building_diff.png assets/model/building_spec.png [0.0/0.0/-20.0] [0.0/180.0/0.0] [5.0]
building assets/model/building.obj assets/model/building_diff.png assets/model/building_spec.png [10.0/0.0/-10.0] [0.0/90.0/0.0] [5.0]
character assets/model/character.obj assets/model/character_diff.png assets/model/character_spec.png [-8.0/0.0/-10.0] [0.0/90.0/0.0] [0.5]
duck_toy assets/model/duck_toy.obj assets/model/duck_toy_diff.jpg assets/model/duck_toy_diff.jpg [-5.0/0.0/5.0] [0.0/0.0/0.0] [10.0]
fountain assets/model/fountain.obj assets/model/fountain_diff.png assets/model/fountain_spec.png [0.0/0.0/-10.0] [0.0/0.0/0.0] [2.0]
plane assets/model/base_model/plane.obj assets/texture/grass.png NULL [0.0/0.0/0.0] [0.0/0.0/0.0] [1.0]
police assets/model/police.obj assets/model/police_diff.png assets/model/police_spec.png [0.0/0.0/0.0] [0.0/0.0/0.0] [1.0]
stall_drinks assets/model/stall_drinks.obj assets/model/stall_drinks_diff.png assets/model/stall_drinks_spec.png [-10.0/0.0/-12.0] [0.0/270.0/0.0] [3.0]
stall_food assets/model/stall_food.obj assets/model/stall_food_diff.png assets/model/stall_food_spec.png [-10.0/0.0/-8.0] [0.0/270.0/0.0] [3.0]
tree assets/model/tree.obj assets/model/tree_diff.png assets/model/tree_spec.png [2.0/0.0/0.0] [0.0/0.0/0.0] [1.0]
tree assets/model/tree.obj assets/model/tree_diff.png assets/model/tree_spec.png [2.0/0.0/2.0] [0.0/0.0/0.0] [1.0]
tree assets/model/tree.obj assets/model/tree_diff.png assets/model/tree_spec.png [2.0/0.0/-2.0] [0.0/0.0/0.0] [1.0]
tree assets/model/tree.obj assets/model/tree_diff.png assets/model/tree_spec.png [0.0/0.0/-2.0] [0.0/0.0/0.0] [1.0]
tree assets/model/tree.obj assets/model/tree_diff.png assets/model/tree_spec.png [-2.0/0.0/-2.0] [0.0/0.0/0.0] [1.0]
tree assets/model/tree.obj assets/model/tree_diff.png assets/model/tree_spec.png [-2.0/0.0/0.0] [0.0/0.0/0.0] [1.0]
tree assets/model/tree.obj assets/model/tree_diff.png assets/model/tree_spec.png [-2.0/0.0/2.0] [0.0/0.0/0.0] [1.0]
