plane assets/model/plane.obj assets/model/grass.png [0.0/0.0/0.0] [0.0/0.0/0.0] [1.0]
police assets/model/police.obj assets/model/police.png [0.0/0.0/0.0] [0.0/0.0/0.0] [1.0]
cube assets/model/tree.obj assets/model/tree.png [2.0/0.0/0.0] [0.0/0.0/0.0] [1.0]
cube assets/model/tree.obj assets/model/tree.png [2.0/0.0/2.0] [0.0/0.0/0.0] [1.0]
cube assets/model/tree.obj assets/model/tree.png [2.0/0.0/-2.0] [0.0/0.0/0.0] [1.0]
cube assets/model/tree.obj assets/model/tree.png [0.0/0.0/-2.0] [0.0/0.0/0.0] [1.0]
cube assets/model/tree.obj assets/model/tree.png [-2.0/0.0/-2.0] [0.0/0.0/0.0] [1.0]
cube assets/model/tree.obj assets/model/tree.png [-2.0/0.0/0.0] [0.0/0.0/0.0] [1.0]
cube assets/model/tree.obj assets/model/tree.png [-2.0/0.0/2.0] [0.0/0.0/0.0] [1.0]
duck_toy assets/model/duck_toy.obj assets/model/duck_toy_diff.jpg [-5.0/0.0/5.0] [0.0/0.0/0.0] [10.0]
barrel assets/model/barrel.obj assets/model/barrel_diff.png [5.0/0.0/5.0] [0.0/0.0/0.0] [1.0]
barrel assets/model/barrel.obj assets/model/barrel_diff.png [5.0/0.0/6.0] [0.0/0.0/0.0] [1.0]
barrel assets/model/barrel.obj assets/model/barrel_diff.png [6.0/0.0/5.0] [0.0/0.0/0.0] [1.0]
building assets/model/building.obj assets/model/building.png [0.0/0.0/-20.0] [0.0/180.0/0.0] [5.0]
building assets/model/building.obj assets/model/building.png [10.0/0.0/-10.0] [0.0/90.0/0.0] [5.0]
stall_drinks assets/model/stall_drinks.obj assets/model/stall_drinks_diff.png [-10.0/0.0/-12.0] [0.0/270.0/0.0] [3.0]
stall_food assets/model/stall_food.obj assets/model/stall_food_diff.png [-10.0/0.0/-8.0] [0.0/270.0/0.0] [3.0]
road_slant assets/model/road_slant.obj assets/model/road_slant.png [-10.0/0.0/0.0] [0.0/135.0/0.0] [3.0]
character assets/model/character.obj assets/model/character.png [-8.0/0.0/-10.0] [0.0/90.0/0.0] [0.5]
fountain assets/model/fountain.obj assets/model/fountain.png [0.0/0.0/-10.0] [0.0/0.0/0.0] [2.0]
bench assets/model/bench.obj assets/model/bench_diff.png [5.0/0.0/0.0] [0.0/90.0/0.0] [2.0]
